[40m[2J[32C[0;1;34mSpa[35mce: [32m212 [33mMegs[2H[32C[35mSpe[34med[s
[u: [33m9600+ [32mBaud[3H   ‹‹€€€€€‹‹‹‹‹‹‹[15C[31mSys[30mOp: [36mLe [s
[u[37mChat[5C‹‹‹[7C[31m€    ‹‹‹[0;31m‹‹[1;30m‹[4H [32m‹€€€€€€€€€€€€€[s
[u€€€€[33;42m∞±≤€€€[40m‹‹‹‹‹‹[19C[36m€[47m±[37;46m≤[36;47m±[40m€[5C[s
[u[31mﬁ€› ‹€€€±∞[30;41m±≤[40m€€€€‹‹‹‹[32m€€€€€€€€€€€€€€€€€€[33;42m[40m[s
